=== RUN   TestAzureLinuxVMCreation
    azure_webserver_test.go:21: Initializing and applying Terraform configuration...
TestAzureLinuxVMCreation 2025-02-14T19:09:40-05:00 retry.go:91: terraform [init -upgrade=false]
TestAzureLinuxVMCreation 2025-02-14T19:09:40-05:00 logger.go:67: Running command terraform with args [init -upgrade=false]
TestAzureLinuxVMCreation 2025-02-14T19:09:40-05:00 logger.go:67: [0m[1mInitializing the backend...[0m
TestAzureLinuxVMCreation 2025-02-14T19:09:42-05:00 logger.go:67: [0m[1mInitializing provider plugins...[0m
TestAzureLinuxVMCreation 2025-02-14T19:09:42-05:00 logger.go:67: - Reusing previous version of hashicorp/azurerm from the dependency lock file
TestAzureLinuxVMCreation 2025-02-14T19:09:42-05:00 logger.go:67: - Reusing previous version of hashicorp/cloudinit from the dependency lock file
TestAzureLinuxVMCreation 2025-02-14T19:09:43-05:00 logger.go:67: - Using previously-installed hashicorp/azurerm v3.0.2
TestAzureLinuxVMCreation 2025-02-14T19:09:43-05:00 logger.go:67: - Using previously-installed hashicorp/cloudinit v2.3.3
TestAzureLinuxVMCreation 2025-02-14T19:09:43-05:00 logger.go:67: 
TestAzureLinuxVMCreation 2025-02-14T19:09:43-05:00 logger.go:67: [0m[1m[32mTerraform has been successfully initialized![0m[32m[0m
TestAzureLinuxVMCreation 2025-02-14T19:09:43-05:00 logger.go:67: [0m[32m
TestAzureLinuxVMCreation 2025-02-14T19:09:43-05:00 logger.go:67: You may now begin working with Terraform. Try running "terraform plan" to see
TestAzureLinuxVMCreation 2025-02-14T19:09:43-05:00 logger.go:67: any changes that are required for your infrastructure. All Terraform commands
TestAzureLinuxVMCreation 2025-02-14T19:09:43-05:00 logger.go:67: should now work.
TestAzureLinuxVMCreation 2025-02-14T19:09:43-05:00 logger.go:67: 
TestAzureLinuxVMCreation 2025-02-14T19:09:43-05:00 logger.go:67: If you ever set or change modules or backend configuration for Terraform,
TestAzureLinuxVMCreation 2025-02-14T19:09:43-05:00 logger.go:67: rerun this command to reinitialize your working directory. If you forget, other
TestAzureLinuxVMCreation 2025-02-14T19:09:43-05:00 logger.go:67: commands will detect it and remind you to do so if necessary.[0m
TestAzureLinuxVMCreation 2025-02-14T19:09:43-05:00 retry.go:91: terraform [apply -input=false -auto-approve -var delete_timeout=30m -lock=false]
TestAzureLinuxVMCreation 2025-02-14T19:09:43-05:00 logger.go:67: Running command terraform with args [apply -input=false -auto-approve -var delete_timeout=30m -lock=false]
TestAzureLinuxVMCreation 2025-02-14T19:09:52-05:00 logger.go:67: [0m[1mdata.cloudinit_config.init: Reading...[0m[0m
TestAzureLinuxVMCreation 2025-02-14T19:09:52-05:00 logger.go:67: [0m[1mdata.cloudinit_config.init: Read complete after 0s [id=4293555390][0m
TestAzureLinuxVMCreation 2025-02-14T19:09:59-05:00 logger.go:67: [0m[1mazurerm_resource_group.rg: Refreshing state... [id=/subscriptions/254161c8-a803-46bc-8206-579eb63c6e8f/resourceGroups/bhun0002-Go-Test-A05-RG][0m
TestAzureLinuxVMCreation 2025-02-14T19:09:59-05:00 logger.go:67: [0m[1mazurerm_public_ip.webserver: Refreshing state... [id=/subscriptions/254161c8-a803-46bc-8206-579eb63c6e8f/resourceGroups/bhun0002-Go-Test-A05-RG/providers/Microsoft.Network/publicIPAddresses/bhun0002-Go-TestA05PublicIP][0m
TestAzureLinuxVMCreation 2025-02-14T19:09:59-05:00 logger.go:67: [0m[1mazurerm_virtual_network.vnet: Refreshing state... [id=/subscriptions/254161c8-a803-46bc-8206-579eb63c6e8f/resourceGroups/bhun0002-Go-Test-A05-RG/providers/Microsoft.Network/virtualNetworks/bhun0002-Go-TestA05Vnet][0m
TestAzureLinuxVMCreation 2025-02-14T19:09:59-05:00 logger.go:67: [0m[1mazurerm_network_security_group.webserver: Refreshing state... [id=/subscriptions/254161c8-a803-46bc-8206-579eb63c6e8f/resourceGroups/bhun0002-Go-Test-A05-RG/providers/Microsoft.Network/networkSecurityGroups/bhun0002-Go-TestA05SG][0m
TestAzureLinuxVMCreation 2025-02-14T19:10:00-05:00 logger.go:67: [0m[1mazurerm_subnet.webserver: Refreshing state... [id=/subscriptions/254161c8-a803-46bc-8206-579eb63c6e8f/resourceGroups/bhun0002-Go-Test-A05-RG/providers/Microsoft.Network/virtualNetworks/bhun0002-Go-TestA05Vnet/subnets/bhun0002-Go-TestA05Subnet][0m
TestAzureLinuxVMCreation 2025-02-14T19:10:00-05:00 logger.go:67: [0m[1mazurerm_network_interface.webserver: Refreshing state... [id=/subscriptions/254161c8-a803-46bc-8206-579eb63c6e8f/resourceGroups/bhun0002-Go-Test-A05-RG/providers/Microsoft.Network/networkInterfaces/bhun0002-Go-TestA05Nic][0m
TestAzureLinuxVMCreation 2025-02-14T19:10:00-05:00 logger.go:67: [0m[1mazurerm_network_interface_security_group_association.webserver: Refreshing state... [id=/subscriptions/254161c8-a803-46bc-8206-579eb63c6e8f/resourceGroups/bhun0002-Go-Test-A05-RG/providers/Microsoft.Network/networkInterfaces/bhun0002-Go-TestA05Nic|/subscriptions/254161c8-a803-46bc-8206-579eb63c6e8f/resourceGroups/bhun0002-Go-Test-A05-RG/providers/Microsoft.Network/networkSecurityGroups/bhun0002-Go-TestA05SG][0m
TestAzureLinuxVMCreation 2025-02-14T19:10:01-05:00 logger.go:67: 
TestAzureLinuxVMCreation 2025-02-14T19:10:01-05:00 logger.go:67: Terraform used the selected providers to generate the following execution
TestAzureLinuxVMCreation 2025-02-14T19:10:01-05:00 logger.go:67: plan. Resource actions are indicated with the following symbols:
TestAzureLinuxVMCreation 2025-02-14T19:10:01-05:00 logger.go:67:   [32m+[0m create[0m
TestAzureLinuxVMCreation 2025-02-14T19:10:01-05:00 logger.go:67: 
TestAzureLinuxVMCreation 2025-02-14T19:10:01-05:00 logger.go:67: Terraform will perform the following actions:
TestAzureLinuxVMCreation 2025-02-14T19:10:01-05:00 logger.go:67: 
TestAzureLinuxVMCreation 2025-02-14T19:10:01-05:00 logger.go:67: [1m  # azurerm_linux_virtual_machine.webserver[0m will be created
TestAzureLinuxVMCreation 2025-02-14T19:10:01-05:00 logger.go:67: [0m  [32m+[0m[0m resource "azurerm_linux_virtual_machine" "webserver" {
TestAzureLinuxVMCreation 2025-02-14T19:10:01-05:00 logger.go:67:       [32m+[0m[0m admin_username                  = "azureadmin"
TestAzureLinuxVMCreation 2025-02-14T19:10:01-05:00 logger.go:67:       [32m+[0m[0m allow_extension_operations      = true
TestAzureLinuxVMCreation 2025-02-14T19:10:01-05:00 logger.go:67:       [32m+[0m[0m computer_name                   = "bhun0002-Go-TestA05VM"
TestAzureLinuxVMCreation 2025-02-14T19:10:01-05:00 logger.go:67:       [32m+[0m[0m custom_data                     = (sensitive value)
TestAzureLinuxVMCreation 2025-02-14T19:10:01-05:00 logger.go:67:       [32m+[0m[0m disable_password_authentication = true
TestAzureLinuxVMCreation 2025-02-14T19:10:01-05:00 logger.go:67:       [32m+[0m[0m extensions_time_budget          = "PT1H30M"
TestAzureLinuxVMCreation 2025-02-14T19:10:01-05:00 logger.go:67:       [32m+[0m[0m id                              = (known after apply)
TestAzureLinuxVMCreation 2025-02-14T19:10:01-05:00 logger.go:67:       [32m+[0m[0m location                        = "westus3"
TestAzureLinuxVMCreation 2025-02-14T19:10:01-05:00 logger.go:67:       [32m+[0m[0m max_bid_price                   = -1
TestAzureLinuxVMCreation 2025-02-14T19:10:01-05:00 logger.go:67:       [32m+[0m[0m name                            = "bhun0002-Go-TestA05VM"
TestAzureLinuxVMCreation 2025-02-14T19:10:01-05:00 logger.go:67:       [32m+[0m[0m network_interface_ids           = [
TestAzureLinuxVMCreation 2025-02-14T19:10:01-05:00 logger.go:67:           [32m+[0m[0m "/subscriptions/254161c8-a803-46bc-8206-579eb63c6e8f/resourceGroups/bhun0002-Go-Test-A05-RG/providers/Microsoft.Network/networkInterfaces/bhun0002-Go-TestA05Nic",
TestAzureLinuxVMCreation 2025-02-14T19:10:01-05:00 logger.go:67:         ]
TestAzureLinuxVMCreation 2025-02-14T19:10:01-05:00 logger.go:67:       [32m+[0m[0m patch_mode                      = "ImageDefault"
TestAzureLinuxVMCreation 2025-02-14T19:10:01-05:00 logger.go:67:       [32m+[0m[0m platform_fault_domain           = -1
TestAzureLinuxVMCreation 2025-02-14T19:10:01-05:00 logger.go:67:       [32m+[0m[0m priority                        = "Regular"
TestAzureLinuxVMCreation 2025-02-14T19:10:01-05:00 logger.go:67:       [32m+[0m[0m private_ip_address              = (known after apply)
TestAzureLinuxVMCreation 2025-02-14T19:10:01-05:00 logger.go:67:       [32m+[0m[0m private_ip_addresses            = (known after apply)
TestAzureLinuxVMCreation 2025-02-14T19:10:01-05:00 logger.go:67:       [32m+[0m[0m provision_vm_agent              = true
TestAzureLinuxVMCreation 2025-02-14T19:10:01-05:00 logger.go:67:       [32m+[0m[0m public_ip_address               = (known after apply)
TestAzureLinuxVMCreation 2025-02-14T19:10:01-05:00 logger.go:67:       [32m+[0m[0m public_ip_addresses             = (known after apply)
TestAzureLinuxVMCreation 2025-02-14T19:10:01-05:00 logger.go:67:       [32m+[0m[0m resource_group_name             = "bhun0002-Go-Test-A05-RG"
TestAzureLinuxVMCreation 2025-02-14T19:10:01-05:00 logger.go:67:       [32m+[0m[0m size                            = "Standard_B1s"
TestAzureLinuxVMCreation 2025-02-14T19:10:01-05:00 logger.go:67:       [32m+[0m[0m virtual_machine_id              = (known after apply)
TestAzureLinuxVMCreation 2025-02-14T19:10:01-05:00 logger.go:67: 
TestAzureLinuxVMCreation 2025-02-14T19:10:01-05:00 logger.go:67:       [32m+[0m[0m admin_ssh_key {
TestAzureLinuxVMCreation 2025-02-14T19:10:01-05:00 logger.go:67:           [32m+[0m[0m public_key = <<-EOT
TestAzureLinuxVMCreation 2025-02-14T19:10:01-05:00 logger.go:67:                 ssh-rsa AAAAB3NzaC1yc2EAAAADAQABAAACAQCdzBCr9a3uESBB7FbB9Saq5itjkeNBDI0BCL1oEM4bKz99oy+Un2RYv4jGsoDh2tasWMUzn45Z4b9l0CQpb8dg7W5coxlJjIXEhiqKjzwXDvSaLe2f8i6t+XHpXryNLnacGkerJuWYcyVv+cX3R+DPTPl9WYCwphJtMEfYrfLQ3rxo22NlmBeb/gdiBSdw1kHtzK6oIsGmFILegQn7dkw0TTXjX1FZis3Ok+9+IxW/GPb++YO7PpYsBuddc3nSL+Ld1UzlfqP+xU5CbEY6xjsMlpt71ZxdQ6uQSd71ZmTOUpWYnG9c03YwucKc+RwfE/1nwp+LWo2ltpkowv+3KC1w3aDIR+Cy7f5Z2+7qbol6K/NW2cW0Lm+/+2hSr4pheuzBk2jy8w7ZA3xsXbJscUKebr53XMbusYaP1jNnGZ2/KL/hZleinXw8YlxUByzJiSlOXmizcih6/f0zDpxOYx08fzaN32LLk1sRbGnn6hPt/xpowVKPMFFYrl+sH2TRNrL6Dw/ndH578v3wxueVqBx8DyE6rEJZxYazCBCLXCH+9aeThGQCS0ILUAD99Hx5NNy3sAQuRAzjSDFDnqjcrXeHvfRCybMIRL/x5pGXJH1xC9fWSdzN8tJWrFd/BQ5JQmVXM3sN3dpuVHqhuDPS2jgDpcswZqx1OOt9m/ZBZDjx4Q== bhun0002@WIN-4FU4FQ3FJSG
TestAzureLinuxVMCreation 2025-02-14T19:10:01-05:00 logger.go:67:             EOT
TestAzureLinuxVMCreation 2025-02-14T19:10:01-05:00 logger.go:67:           [32m+[0m[0m username   = "azureadmin"
TestAzureLinuxVMCreation 2025-02-14T19:10:01-05:00 logger.go:67:         }
TestAzureLinuxVMCreation 2025-02-14T19:10:01-05:00 logger.go:67: 
TestAzureLinuxVMCreation 2025-02-14T19:10:01-05:00 logger.go:67:       [32m+[0m[0m os_disk {
TestAzureLinuxVMCreation 2025-02-14T19:10:01-05:00 logger.go:67:           [32m+[0m[0m caching                   = "ReadWrite"
TestAzureLinuxVMCreation 2025-02-14T19:10:01-05:00 logger.go:67:           [32m+[0m[0m disk_size_gb              = (known after apply)
TestAzureLinuxVMCreation 2025-02-14T19:10:01-05:00 logger.go:67:           [32m+[0m[0m name                      = "bhun0002-Go-TestA05OSDisk"
TestAzureLinuxVMCreation 2025-02-14T19:10:01-05:00 logger.go:67:           [32m+[0m[0m storage_account_type      = "Standard_LRS"
TestAzureLinuxVMCreation 2025-02-14T19:10:01-05:00 logger.go:67:           [32m+[0m[0m write_accelerator_enabled = false
TestAzureLinuxVMCreation 2025-02-14T19:10:01-05:00 logger.go:67:         }
TestAzureLinuxVMCreation 2025-02-14T19:10:01-05:00 logger.go:67: 
TestAzureLinuxVMCreation 2025-02-14T19:10:01-05:00 logger.go:67:       [32m+[0m[0m source_image_reference {
TestAzureLinuxVMCreation 2025-02-14T19:10:01-05:00 logger.go:67:           [32m+[0m[0m offer     = "0001-com-ubuntu-server-jammy"
TestAzureLinuxVMCreation 2025-02-14T19:10:01-05:00 logger.go:67:           [32m+[0m[0m publisher = "Canonical"
TestAzureLinuxVMCreation 2025-02-14T19:10:01-05:00 logger.go:67:           [32m+[0m[0m sku       = "22_04-lts-gen2"
TestAzureLinuxVMCreation 2025-02-14T19:10:01-05:00 logger.go:67:           [32m+[0m[0m version   = "latest"
TestAzureLinuxVMCreation 2025-02-14T19:10:01-05:00 logger.go:67:         }
TestAzureLinuxVMCreation 2025-02-14T19:10:01-05:00 logger.go:67: 
TestAzureLinuxVMCreation 2025-02-14T19:10:01-05:00 logger.go:67:       [32m+[0m[0m termination_notification (known after apply)
TestAzureLinuxVMCreation 2025-02-14T19:10:01-05:00 logger.go:67:     }
TestAzureLinuxVMCreation 2025-02-14T19:10:01-05:00 logger.go:67: 
TestAzureLinuxVMCreation 2025-02-14T19:10:01-05:00 logger.go:67: [1m  # azurerm_network_interface_security_group_association.webserver[0m will be created
TestAzureLinuxVMCreation 2025-02-14T19:10:01-05:00 logger.go:67: [0m  [32m+[0m[0m resource "azurerm_network_interface_security_group_association" "webserver" {
TestAzureLinuxVMCreation 2025-02-14T19:10:01-05:00 logger.go:67:       [32m+[0m[0m id                        = (known after apply)
TestAzureLinuxVMCreation 2025-02-14T19:10:01-05:00 logger.go:67:       [32m+[0m[0m network_interface_id      = "/subscriptions/254161c8-a803-46bc-8206-579eb63c6e8f/resourceGroups/bhun0002-Go-Test-A05-RG/providers/Microsoft.Network/networkInterfaces/bhun0002-Go-TestA05Nic"
TestAzureLinuxVMCreation 2025-02-14T19:10:01-05:00 logger.go:67:       [32m+[0m[0m network_security_group_id = "/subscriptions/254161c8-a803-46bc-8206-579eb63c6e8f/resourceGroups/bhun0002-Go-Test-A05-RG/providers/Microsoft.Network/networkSecurityGroups/bhun0002-Go-TestA05SG"
TestAzureLinuxVMCreation 2025-02-14T19:10:01-05:00 logger.go:67:     }
TestAzureLinuxVMCreation 2025-02-14T19:10:01-05:00 logger.go:67: 
TestAzureLinuxVMCreation 2025-02-14T19:10:01-05:00 logger.go:67: [1mPlan:[0m 2 to add, 0 to change, 0 to destroy.
TestAzureLinuxVMCreation 2025-02-14T19:10:01-05:00 logger.go:67: [0m
TestAzureLinuxVMCreation 2025-02-14T19:10:01-05:00 logger.go:67: Changes to Outputs:
TestAzureLinuxVMCreation 2025-02-14T19:10:01-05:00 logger.go:67:   [32m+[0m[0m nic_name            = "bhun0002-Go-TestA05Nic"
TestAzureLinuxVMCreation 2025-02-14T19:10:01-05:00 logger.go:67:   [32m+[0m[0m public_ip           = (known after apply)
TestAzureLinuxVMCreation 2025-02-14T19:10:01-05:00 logger.go:67:   [32m+[0m[0m resource_group_name = "bhun0002-Go-Test-A05-RG"
TestAzureLinuxVMCreation 2025-02-14T19:10:01-05:00 logger.go:67:   [32m+[0m[0m vm_name             = "bhun0002-Go-TestA05VM"
TestAzureLinuxVMCreation 2025-02-14T19:10:12-05:00 logger.go:67: [0m[1mazurerm_network_interface_security_group_association.webserver: Creating...[0m[0m
TestAzureLinuxVMCreation 2025-02-14T19:10:12-05:00 logger.go:67: [0m[1mazurerm_linux_virtual_machine.webserver: Creating...[0m[0m
TestAzureLinuxVMCreation 2025-02-14T19:10:22-05:00 logger.go:67: [0m[1mazurerm_linux_virtual_machine.webserver: Still creating... [10s elapsed][0m[0m
TestAzureLinuxVMCreation 2025-02-14T19:10:22-05:00 logger.go:67: [0m[1mazurerm_network_interface_security_group_association.webserver: Still creating... [10s elapsed][0m[0m
TestAzureLinuxVMCreation 2025-02-14T19:10:32-05:00 logger.go:67: [0m[1mazurerm_network_interface_security_group_association.webserver: Still creating... [20s elapsed][0m[0m
TestAzureLinuxVMCreation 2025-02-14T19:10:32-05:00 logger.go:67: [0m[1mazurerm_linux_virtual_machine.webserver: Still creating... [20s elapsed][0m[0m
TestAzureLinuxVMCreation 2025-02-14T19:10:33-05:00 logger.go:67: [0m[1mazurerm_network_interface_security_group_association.webserver: Creation complete after 20s [id=/subscriptions/254161c8-a803-46bc-8206-579eb63c6e8f/resourceGroups/bhun0002-Go-Test-A05-RG/providers/Microsoft.Network/networkInterfaces/bhun0002-Go-TestA05Nic|/subscriptions/254161c8-a803-46bc-8206-579eb63c6e8f/resourceGroups/bhun0002-Go-Test-A05-RG/providers/Microsoft.Network/networkSecurityGroups/bhun0002-Go-TestA05SG][0m
TestAzureLinuxVMCreation 2025-02-14T19:10:42-05:00 logger.go:67: [0m[1mazurerm_linux_virtual_machine.webserver: Still creating... [30s elapsed][0m[0m
TestAzureLinuxVMCreation 2025-02-14T19:10:52-05:00 logger.go:67: [0m[1mazurerm_linux_virtual_machine.webserver: Still creating... [40s elapsed][0m[0m
TestAzureLinuxVMCreation 2025-02-14T19:11:01-05:00 logger.go:67: [0m[1mazurerm_linux_virtual_machine.webserver: Creation complete after 48s [id=/subscriptions/254161c8-a803-46bc-8206-579eb63c6e8f/resourceGroups/bhun0002-Go-Test-A05-RG/providers/Microsoft.Compute/virtualMachines/bhun0002-Go-TestA05VM][0m
TestAzureLinuxVMCreation 2025-02-14T19:11:01-05:00 logger.go:67: [0m[1m[32m
TestAzureLinuxVMCreation 2025-02-14T19:11:01-05:00 logger.go:67: Apply complete! Resources: 2 added, 0 changed, 0 destroyed.
TestAzureLinuxVMCreation 2025-02-14T19:11:01-05:00 logger.go:67: [0m[0m[1m[32m
TestAzureLinuxVMCreation 2025-02-14T19:11:01-05:00 logger.go:67: Outputs:
TestAzureLinuxVMCreation 2025-02-14T19:11:01-05:00 logger.go:67: 
TestAzureLinuxVMCreation 2025-02-14T19:11:01-05:00 logger.go:67: [0mnic_name = "bhun0002-Go-TestA05Nic"
TestAzureLinuxVMCreation 2025-02-14T19:11:01-05:00 logger.go:67: public_ip = "20.171.65.165"
TestAzureLinuxVMCreation 2025-02-14T19:11:01-05:00 logger.go:67: resource_group_name = "bhun0002-Go-Test-A05-RG"
TestAzureLinuxVMCreation 2025-02-14T19:11:01-05:00 logger.go:67: vm_name = "bhun0002-Go-TestA05VM"
    azure_webserver_test.go:26: Destroying Terraform resources...
TestAzureLinuxVMCreation 2025-02-14T19:11:01-05:00 retry.go:91: terraform [destroy -auto-approve -input=false -var delete_timeout=30m -lock=false]
TestAzureLinuxVMCreation 2025-02-14T19:11:01-05:00 logger.go:67: Running command terraform with args [destroy -auto-approve -input=false -var delete_timeout=30m -lock=false]
TestAzureLinuxVMCreation 2025-02-14T19:11:10-05:00 logger.go:67: [0m[1mdata.cloudinit_config.init: Reading...[0m[0m
TestAzureLinuxVMCreation 2025-02-14T19:11:10-05:00 logger.go:67: [0m[1mdata.cloudinit_config.init: Read complete after 0s [id=4293555390][0m
TestAzureLinuxVMCreation 2025-02-14T19:11:18-05:00 logger.go:67: [0m[1mazurerm_resource_group.rg: Refreshing state... [id=/subscriptions/254161c8-a803-46bc-8206-579eb63c6e8f/resourceGroups/bhun0002-Go-Test-A05-RG][0m
TestAzureLinuxVMCreation 2025-02-14T19:11:18-05:00 logger.go:67: [0m[1mazurerm_public_ip.webserver: Refreshing state... [id=/subscriptions/254161c8-a803-46bc-8206-579eb63c6e8f/resourceGroups/bhun0002-Go-Test-A05-RG/providers/Microsoft.Network/publicIPAddresses/bhun0002-Go-TestA05PublicIP][0m
TestAzureLinuxVMCreation 2025-02-14T19:11:18-05:00 logger.go:67: [0m[1mazurerm_virtual_network.vnet: Refreshing state... [id=/subscriptions/254161c8-a803-46bc-8206-579eb63c6e8f/resourceGroups/bhun0002-Go-Test-A05-RG/providers/Microsoft.Network/virtualNetworks/bhun0002-Go-TestA05Vnet][0m
TestAzureLinuxVMCreation 2025-02-14T19:11:18-05:00 logger.go:67: [0m[1mazurerm_network_security_group.webserver: Refreshing state... [id=/subscriptions/254161c8-a803-46bc-8206-579eb63c6e8f/resourceGroups/bhun0002-Go-Test-A05-RG/providers/Microsoft.Network/networkSecurityGroups/bhun0002-Go-TestA05SG][0m
TestAzureLinuxVMCreation 2025-02-14T19:11:18-05:00 logger.go:67: [0m[1mazurerm_subnet.webserver: Refreshing state... [id=/subscriptions/254161c8-a803-46bc-8206-579eb63c6e8f/resourceGroups/bhun0002-Go-Test-A05-RG/providers/Microsoft.Network/virtualNetworks/bhun0002-Go-TestA05Vnet/subnets/bhun0002-Go-TestA05Subnet][0m
TestAzureLinuxVMCreation 2025-02-14T19:11:19-05:00 logger.go:67: [0m[1mazurerm_network_interface.webserver: Refreshing state... [id=/subscriptions/254161c8-a803-46bc-8206-579eb63c6e8f/resourceGroups/bhun0002-Go-Test-A05-RG/providers/Microsoft.Network/networkInterfaces/bhun0002-Go-TestA05Nic][0m
TestAzureLinuxVMCreation 2025-02-14T19:11:19-05:00 logger.go:67: [0m[1mazurerm_network_interface_security_group_association.webserver: Refreshing state... [id=/subscriptions/254161c8-a803-46bc-8206-579eb63c6e8f/resourceGroups/bhun0002-Go-Test-A05-RG/providers/Microsoft.Network/networkInterfaces/bhun0002-Go-TestA05Nic|/subscriptions/254161c8-a803-46bc-8206-579eb63c6e8f/resourceGroups/bhun0002-Go-Test-A05-RG/providers/Microsoft.Network/networkSecurityGroups/bhun0002-Go-TestA05SG][0m
TestAzureLinuxVMCreation 2025-02-14T19:11:19-05:00 logger.go:67: [0m[1mazurerm_linux_virtual_machine.webserver: Refreshing state... [id=/subscriptions/254161c8-a803-46bc-8206-579eb63c6e8f/resourceGroups/bhun0002-Go-Test-A05-RG/providers/Microsoft.Compute/virtualMachines/bhun0002-Go-TestA05VM][0m
TestAzureLinuxVMCreation 2025-02-14T19:11:31-05:00 logger.go:67: 
TestAzureLinuxVMCreation 2025-02-14T19:11:31-05:00 logger.go:67: Terraform used the selected providers to generate the following execution
TestAzureLinuxVMCreation 2025-02-14T19:11:31-05:00 logger.go:67: plan. Resource actions are indicated with the following symbols:
TestAzureLinuxVMCreation 2025-02-14T19:11:31-05:00 logger.go:67:   [31m-[0m destroy[0m
TestAzureLinuxVMCreation 2025-02-14T19:11:31-05:00 logger.go:67: 
TestAzureLinuxVMCreation 2025-02-14T19:11:31-05:00 logger.go:67: Terraform will perform the following actions:
TestAzureLinuxVMCreation 2025-02-14T19:11:31-05:00 logger.go:67: 
TestAzureLinuxVMCreation 2025-02-14T19:11:31-05:00 logger.go:67: [1m  # azurerm_linux_virtual_machine.webserver[0m will be [1m[31mdestroyed[0m
TestAzureLinuxVMCreation 2025-02-14T19:11:31-05:00 logger.go:67: [0m  [31m-[0m[0m resource "azurerm_linux_virtual_machine" "webserver" {
TestAzureLinuxVMCreation 2025-02-14T19:11:31-05:00 logger.go:67:       [31m-[0m[0m admin_username                  = "azureadmin" [90m-> null[0m[0m
TestAzureLinuxVMCreation 2025-02-14T19:11:31-05:00 logger.go:67:       [31m-[0m[0m allow_extension_operations      = true [90m-> null[0m[0m
TestAzureLinuxVMCreation 2025-02-14T19:11:31-05:00 logger.go:67:       [31m-[0m[0m computer_name                   = "bhun0002-Go-TestA05VM" [90m-> null[0m[0m
TestAzureLinuxVMCreation 2025-02-14T19:11:31-05:00 logger.go:67:       [31m-[0m[0m custom_data                     = (sensitive value) [90m-> null[0m[0m
TestAzureLinuxVMCreation 2025-02-14T19:11:31-05:00 logger.go:67:       [31m-[0m[0m disable_password_authentication = true [90m-> null[0m[0m
TestAzureLinuxVMCreation 2025-02-14T19:11:31-05:00 logger.go:67:       [31m-[0m[0m encryption_at_host_enabled      = false [90m-> null[0m[0m
TestAzureLinuxVMCreation 2025-02-14T19:11:31-05:00 logger.go:67:       [31m-[0m[0m extensions_time_budget          = "PT1H30M" [90m-> null[0m[0m
TestAzureLinuxVMCreation 2025-02-14T19:11:31-05:00 logger.go:67:       [31m-[0m[0m id                              = "/subscriptions/254161c8-a803-46bc-8206-579eb63c6e8f/resourceGroups/bhun0002-Go-Test-A05-RG/providers/Microsoft.Compute/virtualMachines/bhun0002-Go-TestA05VM" [90m-> null[0m[0m
TestAzureLinuxVMCreation 2025-02-14T19:11:31-05:00 logger.go:67:       [31m-[0m[0m location                        = "westus3" [90m-> null[0m[0m
TestAzureLinuxVMCreation 2025-02-14T19:11:31-05:00 logger.go:67:       [31m-[0m[0m max_bid_price                   = -1 [90m-> null[0m[0m
TestAzureLinuxVMCreation 2025-02-14T19:11:31-05:00 logger.go:67:       [31m-[0m[0m name                            = "bhun0002-Go-TestA05VM" [90m-> null[0m[0m
TestAzureLinuxVMCreation 2025-02-14T19:11:31-05:00 logger.go:67:       [31m-[0m[0m network_interface_ids           = [
TestAzureLinuxVMCreation 2025-02-14T19:11:31-05:00 logger.go:67:           [31m-[0m[0m "/subscriptions/254161c8-a803-46bc-8206-579eb63c6e8f/resourceGroups/bhun0002-Go-Test-A05-RG/providers/Microsoft.Network/networkInterfaces/bhun0002-Go-TestA05Nic",
TestAzureLinuxVMCreation 2025-02-14T19:11:31-05:00 logger.go:67:         ] [90m-> null[0m[0m
TestAzureLinuxVMCreation 2025-02-14T19:11:31-05:00 logger.go:67:       [31m-[0m[0m patch_mode                      = "ImageDefault" [90m-> null[0m[0m
TestAzureLinuxVMCreation 2025-02-14T19:11:31-05:00 logger.go:67:       [31m-[0m[0m platform_fault_domain           = -1 [90m-> null[0m[0m
TestAzureLinuxVMCreation 2025-02-14T19:11:31-05:00 logger.go:67:       [31m-[0m[0m priority                        = "Regular" [90m-> null[0m[0m
TestAzureLinuxVMCreation 2025-02-14T19:11:31-05:00 logger.go:67:       [31m-[0m[0m private_ip_address              = "10.0.1.4" [90m-> null[0m[0m
TestAzureLinuxVMCreation 2025-02-14T19:11:31-05:00 logger.go:67:       [31m-[0m[0m private_ip_addresses            = [
TestAzureLinuxVMCreation 2025-02-14T19:11:31-05:00 logger.go:67:           [31m-[0m[0m "10.0.1.4",
TestAzureLinuxVMCreation 2025-02-14T19:11:31-05:00 logger.go:67:         ] [90m-> null[0m[0m
TestAzureLinuxVMCreation 2025-02-14T19:11:31-05:00 logger.go:67:       [31m-[0m[0m provision_vm_agent              = true [90m-> null[0m[0m
TestAzureLinuxVMCreation 2025-02-14T19:11:31-05:00 logger.go:67:       [31m-[0m[0m public_ip_address               = "20.171.65.165" [90m-> null[0m[0m
TestAzureLinuxVMCreation 2025-02-14T19:11:31-05:00 logger.go:67:       [31m-[0m[0m public_ip_addresses             = [
TestAzureLinuxVMCreation 2025-02-14T19:11:31-05:00 logger.go:67:           [31m-[0m[0m "20.171.65.165",
TestAzureLinuxVMCreation 2025-02-14T19:11:31-05:00 logger.go:67:         ] [90m-> null[0m[0m
TestAzureLinuxVMCreation 2025-02-14T19:11:31-05:00 logger.go:67:       [31m-[0m[0m resource_group_name             = "bhun0002-Go-Test-A05-RG" [90m-> null[0m[0m
TestAzureLinuxVMCreation 2025-02-14T19:11:31-05:00 logger.go:67:       [31m-[0m[0m secure_boot_enabled             = false [90m-> null[0m[0m
TestAzureLinuxVMCreation 2025-02-14T19:11:31-05:00 logger.go:67:       [31m-[0m[0m size                            = "Standard_B1s" [90m-> null[0m[0m
TestAzureLinuxVMCreation 2025-02-14T19:11:31-05:00 logger.go:67:       [31m-[0m[0m tags                            = {} [90m-> null[0m[0m
TestAzureLinuxVMCreation 2025-02-14T19:11:31-05:00 logger.go:67:       [31m-[0m[0m virtual_machine_id              = "1d9224b1-e436-431b-8493-6ef1b90c079e" [90m-> null[0m[0m
TestAzureLinuxVMCreation 2025-02-14T19:11:31-05:00 logger.go:67:       [31m-[0m[0m vtpm_enabled                    = false [90m-> null[0m[0m
TestAzureLinuxVMCreation 2025-02-14T19:11:31-05:00 logger.go:67:         [90m# (11 unchanged attributes hidden)[0m[0m
TestAzureLinuxVMCreation 2025-02-14T19:11:31-05:00 logger.go:67: 
TestAzureLinuxVMCreation 2025-02-14T19:11:31-05:00 logger.go:67:       [31m-[0m[0m admin_ssh_key {
TestAzureLinuxVMCreation 2025-02-14T19:11:31-05:00 logger.go:67:           [31m-[0m[0m public_key = <<-EOT
TestAzureLinuxVMCreation 2025-02-14T19:11:31-05:00 logger.go:67:                 ssh-rsa AAAAB3NzaC1yc2EAAAADAQABAAACAQCdzBCr9a3uESBB7FbB9Saq5itjkeNBDI0BCL1oEM4bKz99oy+Un2RYv4jGsoDh2tasWMUzn45Z4b9l0CQpb8dg7W5coxlJjIXEhiqKjzwXDvSaLe2f8i6t+XHpXryNLnacGkerJuWYcyVv+cX3R+DPTPl9WYCwphJtMEfYrfLQ3rxo22NlmBeb/gdiBSdw1kHtzK6oIsGmFILegQn7dkw0TTXjX1FZis3Ok+9+IxW/GPb++YO7PpYsBuddc3nSL+Ld1UzlfqP+xU5CbEY6xjsMlpt71ZxdQ6uQSd71ZmTOUpWYnG9c03YwucKc+RwfE/1nwp+LWo2ltpkowv+3KC1w3aDIR+Cy7f5Z2+7qbol6K/NW2cW0Lm+/+2hSr4pheuzBk2jy8w7ZA3xsXbJscUKebr53XMbusYaP1jNnGZ2/KL/hZleinXw8YlxUByzJiSlOXmizcih6/f0zDpxOYx08fzaN32LLk1sRbGnn6hPt/xpowVKPMFFYrl+sH2TRNrL6Dw/ndH578v3wxueVqBx8DyE6rEJZxYazCBCLXCH+9aeThGQCS0ILUAD99Hx5NNy3sAQuRAzjSDFDnqjcrXeHvfRCybMIRL/x5pGXJH1xC9fWSdzN8tJWrFd/BQ5JQmVXM3sN3dpuVHqhuDPS2jgDpcswZqx1OOt9m/ZBZDjx4Q== bhun0002@WIN-4FU4FQ3FJSG
TestAzureLinuxVMCreation 2025-02-14T19:11:31-05:00 logger.go:67:             EOT [90m-> null[0m[0m
TestAzureLinuxVMCreation 2025-02-14T19:11:31-05:00 logger.go:67:           [31m-[0m[0m username   = "azureadmin" [90m-> null[0m[0m
TestAzureLinuxVMCreation 2025-02-14T19:11:31-05:00 logger.go:67:         }
TestAzureLinuxVMCreation 2025-02-14T19:11:31-05:00 logger.go:67: 
TestAzureLinuxVMCreation 2025-02-14T19:11:31-05:00 logger.go:67:       [31m-[0m[0m os_disk {
TestAzureLinuxVMCreation 2025-02-14T19:11:31-05:00 logger.go:67:           [31m-[0m[0m caching                   = "ReadWrite" [90m-> null[0m[0m
TestAzureLinuxVMCreation 2025-02-14T19:11:31-05:00 logger.go:67:           [31m-[0m[0m disk_size_gb              = 30 [90m-> null[0m[0m
TestAzureLinuxVMCreation 2025-02-14T19:11:31-05:00 logger.go:67:           [31m-[0m[0m name                      = "bhun0002-Go-TestA05OSDisk" [90m-> null[0m[0m
TestAzureLinuxVMCreation 2025-02-14T19:11:31-05:00 logger.go:67:           [31m-[0m[0m storage_account_type      = "Standard_LRS" [90m-> null[0m[0m
TestAzureLinuxVMCreation 2025-02-14T19:11:31-05:00 logger.go:67:           [31m-[0m[0m write_accelerator_enabled = false [90m-> null[0m[0m
TestAzureLinuxVMCreation 2025-02-14T19:11:31-05:00 logger.go:67:             [90m# (1 unchanged attribute hidden)[0m[0m
TestAzureLinuxVMCreation 2025-02-14T19:11:31-05:00 logger.go:67:         }
TestAzureLinuxVMCreation 2025-02-14T19:11:31-05:00 logger.go:67: 
TestAzureLinuxVMCreation 2025-02-14T19:11:31-05:00 logger.go:67:       [31m-[0m[0m source_image_reference {
TestAzureLinuxVMCreation 2025-02-14T19:11:31-05:00 logger.go:67:           [31m-[0m[0m offer     = "0001-com-ubuntu-server-jammy" [90m-> null[0m[0m
TestAzureLinuxVMCreation 2025-02-14T19:11:31-05:00 logger.go:67:           [31m-[0m[0m publisher = "Canonical" [90m-> null[0m[0m
TestAzureLinuxVMCreation 2025-02-14T19:11:31-05:00 logger.go:67:           [31m-[0m[0m sku       = "22_04-lts-gen2" [90m-> null[0m[0m
TestAzureLinuxVMCreation 2025-02-14T19:11:31-05:00 logger.go:67:           [31m-[0m[0m version   = "latest" [90m-> null[0m[0m
TestAzureLinuxVMCreation 2025-02-14T19:11:31-05:00 logger.go:67:         }
TestAzureLinuxVMCreation 2025-02-14T19:11:31-05:00 logger.go:67:     }
TestAzureLinuxVMCreation 2025-02-14T19:11:31-05:00 logger.go:67: 
TestAzureLinuxVMCreation 2025-02-14T19:11:31-05:00 logger.go:67: [1m  # azurerm_network_interface.webserver[0m will be [1m[31mdestroyed[0m
TestAzureLinuxVMCreation 2025-02-14T19:11:31-05:00 logger.go:67: [0m  [31m-[0m[0m resource "azurerm_network_interface" "webserver" {
TestAzureLinuxVMCreation 2025-02-14T19:11:31-05:00 logger.go:67:       [31m-[0m[0m applied_dns_servers           = [] [90m-> null[0m[0m
TestAzureLinuxVMCreation 2025-02-14T19:11:31-05:00 logger.go:67:       [31m-[0m[0m dns_servers                   = [] [90m-> null[0m[0m
TestAzureLinuxVMCreation 2025-02-14T19:11:31-05:00 logger.go:67:       [31m-[0m[0m enable_accelerated_networking = false [90m-> null[0m[0m
TestAzureLinuxVMCreation 2025-02-14T19:11:31-05:00 logger.go:67:       [31m-[0m[0m enable_ip_forwarding          = false [90m-> null[0m[0m
TestAzureLinuxVMCreation 2025-02-14T19:11:31-05:00 logger.go:67:       [31m-[0m[0m id                            = "/subscriptions/254161c8-a803-46bc-8206-579eb63c6e8f/resourceGroups/bhun0002-Go-Test-A05-RG/providers/Microsoft.Network/networkInterfaces/bhun0002-Go-TestA05Nic" [90m-> null[0m[0m
TestAzureLinuxVMCreation 2025-02-14T19:11:31-05:00 logger.go:67:       [31m-[0m[0m internal_domain_name_suffix   = "pd3i1mtityduvmnuzjovolhclf.phxx.internal.cloudapp.net" [90m-> null[0m[0m
TestAzureLinuxVMCreation 2025-02-14T19:11:31-05:00 logger.go:67:       [31m-[0m[0m location                      = "westus3" [90m-> null[0m[0m
TestAzureLinuxVMCreation 2025-02-14T19:11:31-05:00 logger.go:67:       [31m-[0m[0m mac_address                   = "60-45-BD-CC-20-DD" [90m-> null[0m[0m
TestAzureLinuxVMCreation 2025-02-14T19:11:31-05:00 logger.go:67:       [31m-[0m[0m name                          = "bhun0002-Go-TestA05Nic" [90m-> null[0m[0m
TestAzureLinuxVMCreation 2025-02-14T19:11:31-05:00 logger.go:67:       [31m-[0m[0m private_ip_address            = "10.0.1.4" [90m-> null[0m[0m
TestAzureLinuxVMCreation 2025-02-14T19:11:31-05:00 logger.go:67:       [31m-[0m[0m private_ip_addresses          = [
TestAzureLinuxVMCreation 2025-02-14T19:11:31-05:00 logger.go:67:           [31m-[0m[0m "10.0.1.4",
TestAzureLinuxVMCreation 2025-02-14T19:11:31-05:00 logger.go:67:         ] [90m-> null[0m[0m
TestAzureLinuxVMCreation 2025-02-14T19:11:31-05:00 logger.go:67:       [31m-[0m[0m resource_group_name           = "bhun0002-Go-Test-A05-RG" [90m-> null[0m[0m
TestAzureLinuxVMCreation 2025-02-14T19:11:31-05:00 logger.go:67:       [31m-[0m[0m tags                          = {} [90m-> null[0m[0m
TestAzureLinuxVMCreation 2025-02-14T19:11:31-05:00 logger.go:67:       [31m-[0m[0m virtual_machine_id            = "/subscriptions/254161c8-a803-46bc-8206-579eb63c6e8f/resourceGroups/bhun0002-Go-Test-A05-RG/providers/Microsoft.Compute/virtualMachines/bhun0002-Go-TestA05VM" [90m-> null[0m[0m
TestAzureLinuxVMCreation 2025-02-14T19:11:31-05:00 logger.go:67:         [90m# (2 unchanged attributes hidden)[0m[0m
TestAzureLinuxVMCreation 2025-02-14T19:11:31-05:00 logger.go:67: 
TestAzureLinuxVMCreation 2025-02-14T19:11:31-05:00 logger.go:67:       [31m-[0m[0m ip_configuration {
TestAzureLinuxVMCreation 2025-02-14T19:11:31-05:00 logger.go:67:           [31m-[0m[0m name                                               = "bhun0002-Go-TestA05NicConfig" [90m-> null[0m[0m
TestAzureLinuxVMCreation 2025-02-14T19:11:31-05:00 logger.go:67:           [31m-[0m[0m primary                                            = true [90m-> null[0m[0m
TestAzureLinuxVMCreation 2025-02-14T19:11:31-05:00 logger.go:67:           [31m-[0m[0m private_ip_address                                 = "10.0.1.4" [90m-> null[0m[0m
TestAzureLinuxVMCreation 2025-02-14T19:11:31-05:00 logger.go:67:           [31m-[0m[0m private_ip_address_allocation                      = "Dynamic" [90m-> null[0m[0m
TestAzureLinuxVMCreation 2025-02-14T19:11:31-05:00 logger.go:67:           [31m-[0m[0m private_ip_address_version                         = "IPv4" [90m-> null[0m[0m
TestAzureLinuxVMCreation 2025-02-14T19:11:31-05:00 logger.go:67:           [31m-[0m[0m public_ip_address_id                               = "/subscriptions/254161c8-a803-46bc-8206-579eb63c6e8f/resourceGroups/bhun0002-Go-Test-A05-RG/providers/Microsoft.Network/publicIPAddresses/bhun0002-Go-TestA05PublicIP" [90m-> null[0m[0m
TestAzureLinuxVMCreation 2025-02-14T19:11:31-05:00 logger.go:67:           [31m-[0m[0m subnet_id                                          = "/subscriptions/254161c8-a803-46bc-8206-579eb63c6e8f/resourceGroups/bhun0002-Go-Test-A05-RG/providers/Microsoft.Network/virtualNetworks/bhun0002-Go-TestA05Vnet/subnets/bhun0002-Go-TestA05Subnet" [90m-> null[0m[0m
TestAzureLinuxVMCreation 2025-02-14T19:11:31-05:00 logger.go:67:             [90m# (1 unchanged attribute hidden)[0m[0m
TestAzureLinuxVMCreation 2025-02-14T19:11:31-05:00 logger.go:67:         }
TestAzureLinuxVMCreation 2025-02-14T19:11:31-05:00 logger.go:67:     }
TestAzureLinuxVMCreation 2025-02-14T19:11:31-05:00 logger.go:67: 
TestAzureLinuxVMCreation 2025-02-14T19:11:31-05:00 logger.go:67: [1m  # azurerm_network_interface_security_group_association.webserver[0m will be [1m[31mdestroyed[0m
TestAzureLinuxVMCreation 2025-02-14T19:11:31-05:00 logger.go:67: [0m  [31m-[0m[0m resource "azurerm_network_interface_security_group_association" "webserver" {
TestAzureLinuxVMCreation 2025-02-14T19:11:31-05:00 logger.go:67:       [31m-[0m[0m id                        = "/subscriptions/254161c8-a803-46bc-8206-579eb63c6e8f/resourceGroups/bhun0002-Go-Test-A05-RG/providers/Microsoft.Network/networkInterfaces/bhun0002-Go-TestA05Nic|/subscriptions/254161c8-a803-46bc-8206-579eb63c6e8f/resourceGroups/bhun0002-Go-Test-A05-RG/providers/Microsoft.Network/networkSecurityGroups/bhun0002-Go-TestA05SG" [90m-> null[0m[0m
TestAzureLinuxVMCreation 2025-02-14T19:11:31-05:00 logger.go:67:       [31m-[0m[0m network_interface_id      = "/subscriptions/254161c8-a803-46bc-8206-579eb63c6e8f/resourceGroups/bhun0002-Go-Test-A05-RG/providers/Microsoft.Network/networkInterfaces/bhun0002-Go-TestA05Nic" [90m-> null[0m[0m
TestAzureLinuxVMCreation 2025-02-14T19:11:31-05:00 logger.go:67:       [31m-[0m[0m network_security_group_id = "/subscriptions/254161c8-a803-46bc-8206-579eb63c6e8f/resourceGroups/bhun0002-Go-Test-A05-RG/providers/Microsoft.Network/networkSecurityGroups/bhun0002-Go-TestA05SG" [90m-> null[0m[0m
TestAzureLinuxVMCreation 2025-02-14T19:11:31-05:00 logger.go:67:     }
TestAzureLinuxVMCreation 2025-02-14T19:11:31-05:00 logger.go:67: 
TestAzureLinuxVMCreation 2025-02-14T19:11:31-05:00 logger.go:67: [1m  # azurerm_network_security_group.webserver[0m will be [1m[31mdestroyed[0m
TestAzureLinuxVMCreation 2025-02-14T19:11:31-05:00 logger.go:67: [0m  [31m-[0m[0m resource "azurerm_network_security_group" "webserver" {
TestAzureLinuxVMCreation 2025-02-14T19:11:31-05:00 logger.go:67:       [31m-[0m[0m id                  = "/subscriptions/254161c8-a803-46bc-8206-579eb63c6e8f/resourceGroups/bhun0002-Go-Test-A05-RG/providers/Microsoft.Network/networkSecurityGroups/bhun0002-Go-TestA05SG" [90m-> null[0m[0m
TestAzureLinuxVMCreation 2025-02-14T19:11:31-05:00 logger.go:67:       [31m-[0m[0m location            = "westus3" [90m-> null[0m[0m
TestAzureLinuxVMCreation 2025-02-14T19:11:31-05:00 logger.go:67:       [31m-[0m[0m name                = "bhun0002-Go-TestA05SG" [90m-> null[0m[0m
TestAzureLinuxVMCreation 2025-02-14T19:11:31-05:00 logger.go:67:       [31m-[0m[0m resource_group_name = "bhun0002-Go-Test-A05-RG" [90m-> null[0m[0m
TestAzureLinuxVMCreation 2025-02-14T19:11:31-05:00 logger.go:67:       [31m-[0m[0m security_rule       = [
TestAzureLinuxVMCreation 2025-02-14T19:11:31-05:00 logger.go:67:           [31m-[0m[0m {
TestAzureLinuxVMCreation 2025-02-14T19:11:31-05:00 logger.go:67:               [31m-[0m[0m access                                     = "Allow"
TestAzureLinuxVMCreation 2025-02-14T19:11:31-05:00 logger.go:67:               [31m-[0m[0m destination_address_prefix                 = "*"
TestAzureLinuxVMCreation 2025-02-14T19:11:31-05:00 logger.go:67:               [31m-[0m[0m destination_address_prefixes               = []
TestAzureLinuxVMCreation 2025-02-14T19:11:31-05:00 logger.go:67:               [31m-[0m[0m destination_application_security_group_ids = []
TestAzureLinuxVMCreation 2025-02-14T19:11:31-05:00 logger.go:67:               [31m-[0m[0m destination_port_range                     = "22"
TestAzureLinuxVMCreation 2025-02-14T19:11:31-05:00 logger.go:67:               [31m-[0m[0m destination_port_ranges                    = []
TestAzureLinuxVMCreation 2025-02-14T19:11:31-05:00 logger.go:67:               [31m-[0m[0m direction                                  = "Inbound"
TestAzureLinuxVMCreation 2025-02-14T19:11:31-05:00 logger.go:67:               [31m-[0m[0m name                                       = "SSH"
TestAzureLinuxVMCreation 2025-02-14T19:11:31-05:00 logger.go:67:               [31m-[0m[0m priority                                   = 1001
TestAzureLinuxVMCreation 2025-02-14T19:11:31-05:00 logger.go:67:               [31m-[0m[0m protocol                                   = "Tcp"
TestAzureLinuxVMCreation 2025-02-14T19:11:31-05:00 logger.go:67:               [31m-[0m[0m source_address_prefix                      = "*"
TestAzureLinuxVMCreation 2025-02-14T19:11:31-05:00 logger.go:67:               [31m-[0m[0m source_address_prefixes                    = []
TestAzureLinuxVMCreation 2025-02-14T19:11:31-05:00 logger.go:67:               [31m-[0m[0m source_application_security_group_ids      = []
TestAzureLinuxVMCreation 2025-02-14T19:11:31-05:00 logger.go:67:               [31m-[0m[0m source_port_range                          = "*"
TestAzureLinuxVMCreation 2025-02-14T19:11:31-05:00 logger.go:67:               [31m-[0m[0m source_port_ranges                         = []
TestAzureLinuxVMCreation 2025-02-14T19:11:31-05:00 logger.go:67:                 [90m# (1 unchanged attribute hidden)[0m[0m
TestAzureLinuxVMCreation 2025-02-14T19:11:31-05:00 logger.go:67:             },
TestAzureLinuxVMCreation 2025-02-14T19:11:31-05:00 logger.go:67:           [31m-[0m[0m {
TestAzureLinuxVMCreation 2025-02-14T19:11:31-05:00 logger.go:67:               [31m-[0m[0m access                                     = "Allow"
TestAzureLinuxVMCreation 2025-02-14T19:11:31-05:00 logger.go:67:               [31m-[0m[0m destination_address_prefix                 = "*"
TestAzureLinuxVMCreation 2025-02-14T19:11:31-05:00 logger.go:67:               [31m-[0m[0m destination_address_prefixes               = []
TestAzureLinuxVMCreation 2025-02-14T19:11:31-05:00 logger.go:67:               [31m-[0m[0m destination_application_security_group_ids = []
TestAzureLinuxVMCreation 2025-02-14T19:11:31-05:00 logger.go:67:               [31m-[0m[0m destination_port_range                     = "80"
TestAzureLinuxVMCreation 2025-02-14T19:11:31-05:00 logger.go:67:               [31m-[0m[0m destination_port_ranges                    = []
TestAzureLinuxVMCreation 2025-02-14T19:11:31-05:00 logger.go:67:               [31m-[0m[0m direction                                  = "Inbound"
TestAzureLinuxVMCreation 2025-02-14T19:11:31-05:00 logger.go:67:               [31m-[0m[0m name                                       = "HTTP"
TestAzureLinuxVMCreation 2025-02-14T19:11:31-05:00 logger.go:67:               [31m-[0m[0m priority                                   = 1002
TestAzureLinuxVMCreation 2025-02-14T19:11:31-05:00 logger.go:67:               [31m-[0m[0m protocol                                   = "Tcp"
TestAzureLinuxVMCreation 2025-02-14T19:11:31-05:00 logger.go:67:               [31m-[0m[0m source_address_prefix                      = "*"
TestAzureLinuxVMCreation 2025-02-14T19:11:31-05:00 logger.go:67:               [31m-[0m[0m source_address_prefixes                    = []
TestAzureLinuxVMCreation 2025-02-14T19:11:31-05:00 logger.go:67:               [31m-[0m[0m source_application_security_group_ids      = []
TestAzureLinuxVMCreation 2025-02-14T19:11:31-05:00 logger.go:67:               [31m-[0m[0m source_port_range                          = "*"
TestAzureLinuxVMCreation 2025-02-14T19:11:31-05:00 logger.go:67:               [31m-[0m[0m source_port_ranges                         = []
TestAzureLinuxVMCreation 2025-02-14T19:11:31-05:00 logger.go:67:                 [90m# (1 unchanged attribute hidden)[0m[0m
TestAzureLinuxVMCreation 2025-02-14T19:11:31-05:00 logger.go:67:             },
TestAzureLinuxVMCreation 2025-02-14T19:11:31-05:00 logger.go:67:         ] [90m-> null[0m[0m
TestAzureLinuxVMCreation 2025-02-14T19:11:31-05:00 logger.go:67:       [31m-[0m[0m tags                = {} [90m-> null[0m[0m
TestAzureLinuxVMCreation 2025-02-14T19:11:31-05:00 logger.go:67:     }
TestAzureLinuxVMCreation 2025-02-14T19:11:31-05:00 logger.go:67: 
TestAzureLinuxVMCreation 2025-02-14T19:11:31-05:00 logger.go:67: [1m  # azurerm_public_ip.webserver[0m will be [1m[31mdestroyed[0m
TestAzureLinuxVMCreation 2025-02-14T19:11:31-05:00 logger.go:67: [0m  [31m-[0m[0m resource "azurerm_public_ip" "webserver" {
TestAzureLinuxVMCreation 2025-02-14T19:11:31-05:00 logger.go:67:       [31m-[0m[0m allocation_method       = "Dynamic" [90m-> null[0m[0m
TestAzureLinuxVMCreation 2025-02-14T19:11:31-05:00 logger.go:67:       [31m-[0m[0m id                      = "/subscriptions/254161c8-a803-46bc-8206-579eb63c6e8f/resourceGroups/bhun0002-Go-Test-A05-RG/providers/Microsoft.Network/publicIPAddresses/bhun0002-Go-TestA05PublicIP" [90m-> null[0m[0m
TestAzureLinuxVMCreation 2025-02-14T19:11:31-05:00 logger.go:67:       [31m-[0m[0m idle_timeout_in_minutes = 4 [90m-> null[0m[0m
TestAzureLinuxVMCreation 2025-02-14T19:11:31-05:00 logger.go:67:       [31m-[0m[0m ip_address              = "20.171.65.165" [90m-> null[0m[0m
TestAzureLinuxVMCreation 2025-02-14T19:11:31-05:00 logger.go:67:       [31m-[0m[0m ip_tags                 = {} [90m-> null[0m[0m
TestAzureLinuxVMCreation 2025-02-14T19:11:31-05:00 logger.go:67:       [31m-[0m[0m ip_version              = "IPv4" [90m-> null[0m[0m
TestAzureLinuxVMCreation 2025-02-14T19:11:31-05:00 logger.go:67:       [31m-[0m[0m location                = "westus3" [90m-> null[0m[0m
TestAzureLinuxVMCreation 2025-02-14T19:11:31-05:00 logger.go:67:       [31m-[0m[0m name                    = "bhun0002-Go-TestA05PublicIP" [90m-> null[0m[0m
TestAzureLinuxVMCreation 2025-02-14T19:11:31-05:00 logger.go:67:       [31m-[0m[0m resource_group_name     = "bhun0002-Go-Test-A05-RG" [90m-> null[0m[0m
TestAzureLinuxVMCreation 2025-02-14T19:11:31-05:00 logger.go:67:       [31m-[0m[0m sku                     = "Basic" [90m-> null[0m[0m
TestAzureLinuxVMCreation 2025-02-14T19:11:31-05:00 logger.go:67:       [31m-[0m[0m sku_tier                = "Regional" [90m-> null[0m[0m
TestAzureLinuxVMCreation 2025-02-14T19:11:31-05:00 logger.go:67:       [31m-[0m[0m tags                    = {} [90m-> null[0m[0m
TestAzureLinuxVMCreation 2025-02-14T19:11:31-05:00 logger.go:67:       [31m-[0m[0m zones                   = [] [90m-> null[0m[0m
TestAzureLinuxVMCreation 2025-02-14T19:11:31-05:00 logger.go:67:         [90m# (1 unchanged attribute hidden)[0m[0m
TestAzureLinuxVMCreation 2025-02-14T19:11:31-05:00 logger.go:67:     }
TestAzureLinuxVMCreation 2025-02-14T19:11:31-05:00 logger.go:67: 
TestAzureLinuxVMCreation 2025-02-14T19:11:31-05:00 logger.go:67: [1m  # azurerm_resource_group.rg[0m will be [1m[31mdestroyed[0m
TestAzureLinuxVMCreation 2025-02-14T19:11:31-05:00 logger.go:67: [0m  [31m-[0m[0m resource "azurerm_resource_group" "rg" {
TestAzureLinuxVMCreation 2025-02-14T19:11:31-05:00 logger.go:67:       [31m-[0m[0m id       = "/subscriptions/254161c8-a803-46bc-8206-579eb63c6e8f/resourceGroups/bhun0002-Go-Test-A05-RG" [90m-> null[0m[0m
TestAzureLinuxVMCreation 2025-02-14T19:11:31-05:00 logger.go:67:       [31m-[0m[0m location = "westus3" [90m-> null[0m[0m
TestAzureLinuxVMCreation 2025-02-14T19:11:31-05:00 logger.go:67:       [31m-[0m[0m name     = "bhun0002-Go-Test-A05-RG" [90m-> null[0m[0m
TestAzureLinuxVMCreation 2025-02-14T19:11:31-05:00 logger.go:67:       [31m-[0m[0m tags     = {} [90m-> null[0m[0m
TestAzureLinuxVMCreation 2025-02-14T19:11:31-05:00 logger.go:67:     }
TestAzureLinuxVMCreation 2025-02-14T19:11:31-05:00 logger.go:67: 
TestAzureLinuxVMCreation 2025-02-14T19:11:31-05:00 logger.go:67: [1m  # azurerm_subnet.webserver[0m will be [1m[31mdestroyed[0m
TestAzureLinuxVMCreation 2025-02-14T19:11:31-05:00 logger.go:67: [0m  [31m-[0m[0m resource "azurerm_subnet" "webserver" {
TestAzureLinuxVMCreation 2025-02-14T19:11:31-05:00 logger.go:67:       [31m-[0m[0m address_prefixes                               = [
TestAzureLinuxVMCreation 2025-02-14T19:11:31-05:00 logger.go:67:           [31m-[0m[0m "10.0.1.0/24",
TestAzureLinuxVMCreation 2025-02-14T19:11:31-05:00 logger.go:67:         ] [90m-> null[0m[0m
TestAzureLinuxVMCreation 2025-02-14T19:11:31-05:00 logger.go:67:       [31m-[0m[0m enforce_private_link_endpoint_network_policies = false [90m-> null[0m[0m
TestAzureLinuxVMCreation 2025-02-14T19:11:31-05:00 logger.go:67:       [31m-[0m[0m enforce_private_link_service_network_policies  = false [90m-> null[0m[0m
TestAzureLinuxVMCreation 2025-02-14T19:11:31-05:00 logger.go:67:       [31m-[0m[0m id                                             = "/subscriptions/254161c8-a803-46bc-8206-579eb63c6e8f/resourceGroups/bhun0002-Go-Test-A05-RG/providers/Microsoft.Network/virtualNetworks/bhun0002-Go-TestA05Vnet/subnets/bhun0002-Go-TestA05Subnet" [90m-> null[0m[0m
TestAzureLinuxVMCreation 2025-02-14T19:11:31-05:00 logger.go:67:       [31m-[0m[0m name                                           = "bhun0002-Go-TestA05Subnet" [90m-> null[0m[0m
TestAzureLinuxVMCreation 2025-02-14T19:11:31-05:00 logger.go:67:       [31m-[0m[0m resource_group_name                            = "bhun0002-Go-Test-A05-RG" [90m-> null[0m[0m
TestAzureLinuxVMCreation 2025-02-14T19:11:31-05:00 logger.go:67:       [31m-[0m[0m service_endpoint_policy_ids                    = [] [90m-> null[0m[0m
TestAzureLinuxVMCreation 2025-02-14T19:11:31-05:00 logger.go:67:       [31m-[0m[0m service_endpoints                              = [] [90m-> null[0m[0m
TestAzureLinuxVMCreation 2025-02-14T19:11:31-05:00 logger.go:67:       [31m-[0m[0m virtual_network_name                           = "bhun0002-Go-TestA05Vnet" [90m-> null[0m[0m
TestAzureLinuxVMCreation 2025-02-14T19:11:31-05:00 logger.go:67:     }
TestAzureLinuxVMCreation 2025-02-14T19:11:31-05:00 logger.go:67: 
TestAzureLinuxVMCreation 2025-02-14T19:11:31-05:00 logger.go:67: [1m  # azurerm_virtual_network.vnet[0m will be [1m[31mdestroyed[0m
TestAzureLinuxVMCreation 2025-02-14T19:11:31-05:00 logger.go:67: [0m  [31m-[0m[0m resource "azurerm_virtual_network" "vnet" {
TestAzureLinuxVMCreation 2025-02-14T19:11:31-05:00 logger.go:67:       [31m-[0m[0m address_space           = [
TestAzureLinuxVMCreation 2025-02-14T19:11:31-05:00 logger.go:67:           [31m-[0m[0m "10.0.0.0/16",
TestAzureLinuxVMCreation 2025-02-14T19:11:31-05:00 logger.go:67:         ] [90m-> null[0m[0m
TestAzureLinuxVMCreation 2025-02-14T19:11:31-05:00 logger.go:67:       [31m-[0m[0m dns_servers             = [] [90m-> null[0m[0m
TestAzureLinuxVMCreation 2025-02-14T19:11:31-05:00 logger.go:67:       [31m-[0m[0m flow_timeout_in_minutes = 0 [90m-> null[0m[0m
TestAzureLinuxVMCreation 2025-02-14T19:11:31-05:00 logger.go:67:       [31m-[0m[0m guid                    = "b28dfa78-9e68-4a07-b1b4-ca5d572ce25d" [90m-> null[0m[0m
TestAzureLinuxVMCreation 2025-02-14T19:11:31-05:00 logger.go:67:       [31m-[0m[0m id                      = "/subscriptions/254161c8-a803-46bc-8206-579eb63c6e8f/resourceGroups/bhun0002-Go-Test-A05-RG/providers/Microsoft.Network/virtualNetworks/bhun0002-Go-TestA05Vnet" [90m-> null[0m[0m
TestAzureLinuxVMCreation 2025-02-14T19:11:31-05:00 logger.go:67:       [31m-[0m[0m location                = "westus3" [90m-> null[0m[0m
TestAzureLinuxVMCreation 2025-02-14T19:11:31-05:00 logger.go:67:       [31m-[0m[0m name                    = "bhun0002-Go-TestA05Vnet" [90m-> null[0m[0m
TestAzureLinuxVMCreation 2025-02-14T19:11:31-05:00 logger.go:67:       [31m-[0m[0m resource_group_name     = "bhun0002-Go-Test-A05-RG" [90m-> null[0m[0m
TestAzureLinuxVMCreation 2025-02-14T19:11:31-05:00 logger.go:67:       [31m-[0m[0m subnet                  = [
TestAzureLinuxVMCreation 2025-02-14T19:11:31-05:00 logger.go:67:           [31m-[0m[0m {
TestAzureLinuxVMCreation 2025-02-14T19:11:31-05:00 logger.go:67:               [31m-[0m[0m address_prefix = "10.0.1.0/24"
TestAzureLinuxVMCreation 2025-02-14T19:11:31-05:00 logger.go:67:               [31m-[0m[0m id             = "/subscriptions/254161c8-a803-46bc-8206-579eb63c6e8f/resourceGroups/bhun0002-Go-Test-A05-RG/providers/Microsoft.Network/virtualNetworks/bhun0002-Go-TestA05Vnet/subnets/bhun0002-Go-TestA05Subnet"
TestAzureLinuxVMCreation 2025-02-14T19:11:31-05:00 logger.go:67:               [31m-[0m[0m name           = "bhun0002-Go-TestA05Subnet"
TestAzureLinuxVMCreation 2025-02-14T19:11:31-05:00 logger.go:67:                 [90m# (1 unchanged attribute hidden)[0m[0m
TestAzureLinuxVMCreation 2025-02-14T19:11:31-05:00 logger.go:67:             },
TestAzureLinuxVMCreation 2025-02-14T19:11:31-05:00 logger.go:67:         ] [90m-> null[0m[0m
TestAzureLinuxVMCreation 2025-02-14T19:11:31-05:00 logger.go:67:       [31m-[0m[0m tags                    = {} [90m-> null[0m[0m
TestAzureLinuxVMCreation 2025-02-14T19:11:31-05:00 logger.go:67:         [90m# (2 unchanged attributes hidden)[0m[0m
TestAzureLinuxVMCreation 2025-02-14T19:11:31-05:00 logger.go:67:     }
TestAzureLinuxVMCreation 2025-02-14T19:11:31-05:00 logger.go:67: 
TestAzureLinuxVMCreation 2025-02-14T19:11:31-05:00 logger.go:67: [1mPlan:[0m 0 to add, 0 to change, 8 to destroy.
TestAzureLinuxVMCreation 2025-02-14T19:11:31-05:00 logger.go:67: [0m
TestAzureLinuxVMCreation 2025-02-14T19:11:31-05:00 logger.go:67: Changes to Outputs:
TestAzureLinuxVMCreation 2025-02-14T19:11:31-05:00 logger.go:67:   [31m-[0m[0m nic_name            = "bhun0002-Go-TestA05Nic" [90m-> null[0m[0m
TestAzureLinuxVMCreation 2025-02-14T19:11:31-05:00 logger.go:67:   [31m-[0m[0m public_ip           = "20.171.65.165" [90m-> null[0m[0m
TestAzureLinuxVMCreation 2025-02-14T19:11:31-05:00 logger.go:67:   [31m-[0m[0m resource_group_name = "bhun0002-Go-Test-A05-RG" [90m-> null[0m[0m
TestAzureLinuxVMCreation 2025-02-14T19:11:31-05:00 logger.go:67:   [31m-[0m[0m vm_name             = "bhun0002-Go-TestA05VM" [90m-> null[0m[0m
TestAzureLinuxVMCreation 2025-02-14T19:11:41-05:00 logger.go:67: [0m[1mazurerm_network_interface_security_group_association.webserver: Destroying... [id=/subscriptions/254161c8-a803-46bc-8206-579eb63c6e8f/resourceGroups/bhun0002-Go-Test-A05-RG/providers/Microsoft.Network/networkInterfaces/bhun0002-Go-TestA05Nic|/subscriptions/254161c8-a803-46bc-8206-579eb63c6e8f/resourceGroups/bhun0002-Go-Test-A05-RG/providers/Microsoft.Network/networkSecurityGroups/bhun0002-Go-TestA05SG][0m[0m
TestAzureLinuxVMCreation 2025-02-14T19:11:41-05:00 logger.go:67: [0m[1mazurerm_linux_virtual_machine.webserver: Destroying... [id=/subscriptions/254161c8-a803-46bc-8206-579eb63c6e8f/resourceGroups/bhun0002-Go-Test-A05-RG/providers/Microsoft.Compute/virtualMachines/bhun0002-Go-TestA05VM][0m[0m
TestAzureLinuxVMCreation 2025-02-14T19:11:51-05:00 logger.go:67: [0m[1mazurerm_network_interface_security_group_association.webserver: Still destroying... [id=/subscriptions/254161c8-a803-46bc-8206-...rkSecurityGroups/bhun0002-Go-TestA05SG, 10s elapsed][0m[0m
TestAzureLinuxVMCreation 2025-02-14T19:11:51-05:00 logger.go:67: [0m[1mazurerm_linux_virtual_machine.webserver: Still destroying... [id=/subscriptions/254161c8-a803-46bc-8206-.../virtualMachines/bhun0002-Go-TestA05VM, 10s elapsed][0m[0m
TestAzureLinuxVMCreation 2025-02-14T19:12:01-05:00 logger.go:67: [0m[1mazurerm_network_interface_security_group_association.webserver: Still destroying... [id=/subscriptions/254161c8-a803-46bc-8206-...rkSecurityGroups/bhun0002-Go-TestA05SG, 20s elapsed][0m[0m
TestAzureLinuxVMCreation 2025-02-14T19:12:01-05:00 logger.go:67: [0m[1mazurerm_linux_virtual_machine.webserver: Still destroying... [id=/subscriptions/254161c8-a803-46bc-8206-.../virtualMachines/bhun0002-Go-TestA05VM, 20s elapsed][0m[0m
TestAzureLinuxVMCreation 2025-02-14T19:12:11-05:00 logger.go:67: [0m[1mazurerm_network_interface_security_group_association.webserver: Still destroying... [id=/subscriptions/254161c8-a803-46bc-8206-...rkSecurityGroups/bhun0002-Go-TestA05SG, 30s elapsed][0m[0m
TestAzureLinuxVMCreation 2025-02-14T19:12:11-05:00 logger.go:67: [0m[1mazurerm_linux_virtual_machine.webserver: Still destroying... [id=/subscriptions/254161c8-a803-46bc-8206-.../virtualMachines/bhun0002-Go-TestA05VM, 30s elapsed][0m[0m
TestAzureLinuxVMCreation 2025-02-14T19:12:21-05:00 logger.go:67: [0m[1mazurerm_network_interface_security_group_association.webserver: Still destroying... [id=/subscriptions/254161c8-a803-46bc-8206-...rkSecurityGroups/bhun0002-Go-TestA05SG, 40s elapsed][0m[0m
TestAzureLinuxVMCreation 2025-02-14T19:12:21-05:00 logger.go:67: [0m[1mazurerm_linux_virtual_machine.webserver: Still destroying... [id=/subscriptions/254161c8-a803-46bc-8206-.../virtualMachines/bhun0002-Go-TestA05VM, 40s elapsed][0m[0m
TestAzureLinuxVMCreation 2025-02-14T19:12:30-05:00 logger.go:67: [0m[1mazurerm_linux_virtual_machine.webserver: Destruction complete after 49s[0m
TestAzureLinuxVMCreation 2025-02-14T19:12:30-05:00 logger.go:67: [31m╷[0m[0m
TestAzureLinuxVMCreation 2025-02-14T19:12:30-05:00 logger.go:67: [31m│[0m [0m[1m[31mError: [0m[0m[1mwaiting for update of Network Interface: (Name "bhun0002-Go-TestA05Nic" / Resource Group "bhun0002-Go-Test-A05-RG"): Code="InternalServerError" Message="An error occurred." Details=[][0m
TestAzureLinuxVMCreation 2025-02-14T19:12:30-05:00 logger.go:67: [31m│[0m [0m
TestAzureLinuxVMCreation 2025-02-14T19:12:30-05:00 logger.go:67: [31m│[0m [0m[0m
TestAzureLinuxVMCreation 2025-02-14T19:12:30-05:00 logger.go:67: [31m╵[0m[0m
TestAzureLinuxVMCreation 2025-02-14T19:12:30-05:00 retry.go:99: Returning due to fatal error: FatalError{Underlying: error while running command: exit status 1; [31m╷[0m[0m
[31m│[0m [0m[1m[31mError: [0m[0m[1mwaiting for update of Network Interface: (Name "bhun0002-Go-TestA05Nic" / Resource Group "bhun0002-Go-Test-A05-RG"): Code="InternalServerError" Message="An error occurred." Details=[][0m
[31m│[0m [0m
[31m│[0m [0m[0m
[31m╵[0m[0m}
    destroy.go:11: 
        	Error Trace:	/home/bhun0002/go/pkg/mod/github.com/gruntwork-io/terratest@v0.48.2/modules/terraform/destroy.go:11
        	            				/mnt/d/Cloud Development and Operations/DevOps_Infrastructure_as_Code/Lab6/Git/cst8918-w24-a06-terratest/test/azure_webserver_test.go:27
        	            				/mnt/d/Cloud Development and Operations/DevOps_Infrastructure_as_Code/Lab6/Git/cst8918-w24-a06-terratest/test/azure_webserver_test.go:29
        	Error:      	Received unexpected error:
        	            	FatalError{Underlying: error while running command: exit status 1; [31m╷[0m[0m
        	            	[31m│[0m [0m[1m[31mError: [0m[0m[1mwaiting for update of Network Interface: (Name "bhun0002-Go-TestA05Nic" / Resource Group "bhun0002-Go-Test-A05-RG"): Code="InternalServerError" Message="An error occurred." Details=[][0m
        	            	[31m│[0m [0m
        	            	[31m│[0m [0m[0m
        	            	[31m╵[0m[0m}
        	Test:       	TestAzureLinuxVMCreation
--- FAIL: TestAzureLinuxVMCreation (170.08s)
FAIL
FAIL	command-line-arguments	170.218s
FAIL
